Windows PowerShell
Copyright (C) Microsoft Corporation. All rights reserved.

Try the new cross-platform PowerShell https://aka.ms/pscore6

PS C:\WINDOWS\system32> wsl --set-default-version 2
For information on key differences with WSL 2 please visit https://aka.ms/wsl2
The operation completed successfully.
PS C:\WINDOWS\system32> docker run hello-world
Unable to find image 'hello-world:latest' locally
latest: Pulling from library/hello-world
e6590344b1a5: Pull complete
Digest: sha256:ec153840d1e635ac434fab5e377081f17e0e15afab27beb3f726c3265039cfff
Status: Downloaded newer image for hello-world:latest

Hello from Docker!
This message shows that your installation appears to be working correctly.

To generate this message, Docker took the following steps:
 1. The Docker client contacted the Docker daemon.
 2. The Docker daemon pulled the "hello-world" image from the Docker Hub.
    (amd64)
 3. The Docker daemon created a new container from that image which runs the
    executable that produces the output you are currently reading.
 4. The Docker daemon streamed that output to the Docker client, which sent it
    to your terminal.

To try something more ambitious, you can run an Ubuntu container with:
 $ docker run -it ubuntu bash

Share images, automate workflows, and more with a free Docker ID:
 https://hub.docker.com/

For more examples and ideas, visit:
 https://docs.docker.com/get-started/

PS C:\WINDOWS\system32> localhostForwarding=true
>> swap=2GB            # swap-file size
>> processors=2        # max logical CPUs
>> memory=4GB          # max RAM for the WSL 2 VM
>> [wsl2]
localhostForwarding=true : The term 'localhostForwarding=true' is not recognized as the name of a cmdlet, function,
script file, or operable program. Check the spelling of the name, or if a path was included, verify that the path is
correct and try again.
At line:1 char:1
+ localhostForwarding=true
+ ~~~~~~~~~~~~~~~~~~~~~~~~
    + CategoryInfo          : ObjectNotFound: (localhostForwarding=true:String) [], CommandNotFoundException
    + FullyQualifiedErrorId : CommandNotFoundException

swap=2GB : The term 'swap=2GB' is not recognized as the name of a cmdlet, function, script file, or operable program.
Check the spelling of the name, or if a path was included, verify that the path is correct and try again.
At line:2 char:1
+ swap=2GB            # swap-file size
+ ~~~~~~~~
    + CategoryInfo          : ObjectNotFound: (swap=2GB:String) [], CommandNotFoundException
    + FullyQualifiedErrorId : CommandNotFoundException

processors=2 : The term 'processors=2' is not recognized as the name of a cmdlet, function, script file, or operable
program. Check the spelling of the name, or if a path was included, verify that the path is correct and try again.
At line:3 char:1
+ processors=2        # max logical CPUs
+ ~~~~~~~~~~~~
    + CategoryInfo          : ObjectNotFound: (processors=2:String) [], CommandNotFoundException
    + FullyQualifiedErrorId : CommandNotFoundException

memory=4GB : The term 'memory=4GB' is not recognized as the name of a cmdlet, function, script file, or operable
program. Check the spelling of the name, or if a path was included, verify that the path is correct and try again.
At line:4 char:1
+ memory=4GB          # max RAM for the WSL 2 VM
+ ~~~~~~~~~~
    + CategoryInfo          : ObjectNotFound: (memory=4GB:String) [], CommandNotFoundException
    + FullyQualifiedErrorId : CommandNotFoundException

Unable to find type [wsl2].
At line:5 char:1
+ [wsl2]
+ ~~~~~~
    + CategoryInfo          : InvalidOperation: (wsl2:TypeName) [], RuntimeException
    + FullyQualifiedErrorId : TypeNotFound

PS C:\WINDOWS\system32> wsl --shutdown
PS C:\WINDOWS\system32> docker push gcr.io/region-ai/guidely-backend
Using default tag: latest
The push refers to repository [gcr.io/region-ai/guidely-backend]
tag does not exist: gcr.io/region-ai/guidely-backend:latest
PS C:\WINDOWS\system32> docker images
REPOSITORY    TAG       IMAGE ID       CREATED        SIZE
hello-world   latest    ec153840d1e6   5 months ago   20.4kB
PS C:\WINDOWS\system32> docker build -t gcr.io/region-ai/guidely-backend:latest .
[+] Building 3.4s (1/1) FINISHED                                                                   docker:desktop-linux
 => [internal] load build definition from Dockerfile                                                               1.5s
 => => transferring dockerfile: 2B                                                                                 0.2s
ERROR: failed to solve: failed to read dockerfile: open Dockerfile: no such file or directory

View build details: docker-desktop://dashboard/build/desktop-linux/desktop-linux/7ge3rg541n2l40j96r5782yd3
PS C:\WINDOWS\system32> d:
PS D:\> cd ai project
Set-Location : A positional parameter cannot be found that accepts argument 'project'.
At line:1 char:1
+ cd ai project
+ ~~~~~~~~~~~~~
    + CategoryInfo          : InvalidArgument: (:) [Set-Location], ParameterBindingException
    + FullyQualifiedErrorId : PositionalParameterNotFound,Microsoft.PowerShell.Commands.SetLocationCommand

PS D:\> cd 'Ai Project'
PS D:\Ai Project> cd regional aibot
Set-Location : A positional parameter cannot be found that accepts argument 'aibot'.
At line:1 char:1
+ cd regional aibot
+ ~~~~~~~~~~~~~~~~~
    + CategoryInfo          : InvalidArgument: (:) [Set-Location], ParameterBindingException
    + FullyQualifiedErrorId : PositionalParameterNotFound,Microsoft.PowerShell.Commands.SetLocationCommand

PS D:\Ai Project> cd 'regional aibot'
PS D:\Ai Project\regional aibot> cd guidely
PS D:\Ai Project\regional aibot\guidely> docker build -t gcr.io/region-ai/guidely-backend:latest .
[+] Building 200.8s (17/17) FINISHED                                                                                                                                                                                                                      docker:desktop-linux
 => [internal] load build definition from Dockerfile                                                                                                                                                                                                                      0.9s
 => => transferring dockerfile: 1.43kB                                                                                                                                                                                                                                    0.0s
 => [internal] load metadata for docker.io/library/python:3.11-slim                                                                                                                                                                                                       5.3s
 => [auth] library/python:pull token for registry-1.docker.io                                                                                                                                                                                                             0.0s
 => [internal] load .dockerignore                                                                                                                                                                                                                                         0.8s
 => => transferring context: 34B                                                                                                                                                                                                                                          0.0s
 => [internal] load build context                                                                                                                                                                                                                                        16.8s
 => => transferring context: 72.77MB                                                                                                                                                                                                                                     15.4s
 => [builder 1/6] FROM docker.io/library/python:3.11-slim@sha256:139020233cc412efe4c8135b0efe1c7569dc8b28ddd88bddb109b764f8977e30                                                                                                                                        45.9s
 => => resolve docker.io/library/python:3.11-slim@sha256:139020233cc412efe4c8135b0efe1c7569dc8b28ddd88bddb109b764f8977e30                                                                                                                                                 0.9s
 => => sha256:471797cdda8c4cd4a9795c8cb56078e627b3fc7486fd8574804ec7d5f1676b9b 249B / 249B                                                                                                                                                                                0.8s
 => => sha256:02a5d22e0d6f85a6ac1c7fb356e9eed39a981decd1fac1205a31f31f4cb010f1 16.21MB / 16.21MB                                                                                                                                                                         33.1s
 => => sha256:483d0dd375188d7d3b2d66116d5974d2b67e6988c6146eb2c6a3e2bc33a92121 3.51MB / 3.51MB                                                                                                                                                                            6.5s
 => => sha256:3da95a905ed546f99c4564407923a681757d89651a388ec3f1f5e9bf5ed0b39d 28.23MB / 28.23MB                                                                                                                                                                         35.6s
 => => extracting sha256:3da95a905ed546f99c4564407923a681757d89651a388ec3f1f5e9bf5ed0b39d                                                                                                                                                                                 2.2s
 => => extracting sha256:483d0dd375188d7d3b2d66116d5974d2b67e6988c6146eb2c6a3e2bc33a92121                                                                                                                                                                                 0.7s
 => => extracting sha256:02a5d22e0d6f85a6ac1c7fb356e9eed39a981decd1fac1205a31f31f4cb010f1                                                                                                                                                                                 1.4s
 => => extracting sha256:471797cdda8c4cd4a9795c8cb56078e627b3fc7486fd8574804ec7d5f1676b9b                                                                                                                                                                                 0.6s
 => [final 2/6] RUN groupadd -r app && useradd -r -g app app &&     mkdir -p /home/app && chown app:app /home/app                                                                                                                                                         8.2s
 => [builder 2/6] RUN groupadd -r app && useradd -r -g app app                                                                                                                                                                                                            7.9s
 => [builder 3/6] RUN mkdir -p /home/app && chown app:app /home/app                                                                                                                                                                                                       3.5s
 => [final 3/6] WORKDIR /app                                                                                                                                                                                                                                              3.8s
 => [builder 4/6] WORKDIR /app                                                                                                                                                                                                                                            1.9s
 => [builder 5/6] COPY requirements*.txt ./                                                                                                                                                                                                                               1.4s
 => [builder 6/6] RUN pip install --no-cache-dir -r requirements.txt &&     pip install --no-cache-dir -r requirements-dev.txt                                                                                                                                           81.9s
 => [final 4/6] COPY --from=builder /home/app/.local /home/app/.local                                                                                                                                                                                                     7.9s
 => [final 5/6] COPY --from=builder /usr/local/lib/python3.11/site-packages /usr/local/lib/python3.11/site-packages                                                                                                                                                       2.5s
 => [final 6/6] COPY --chown=app:app . .                                                                                                                                                                                                                                  3.6s
 => exporting to image                                                                                                                                                                                                                                                   29.7s
 => => exporting layers                                                                                                                                                                                                                                                  17.3s
 => => exporting manifest sha256:6ae6d7890715edeba24a75d4648a5b4ac9c0fae72134c0ecbd37ece365fa6397                                                                                                                                                                         0.3s
 => => exporting config sha256:f7df636c82c17806fbb3a7cd8d181f923aa0f8c91d5a8192663ed3dce6d965fc                                                                                                                                                                           0.4s
 => => exporting attestation manifest sha256:2925be3c40ad6069a09ba575210cc4533ec28b1c84830a50d5cfdcbcb7e0179c                                                                                                                                                             0.7s
 => => exporting manifest list sha256:2336c88a4c81991c90097a2f553acdde4203a4214402dc760b2f46f29f7d85e6                                                                                                                                                                    0.4s
 => => naming to gcr.io/region-ai/guidely-backend:latest                                                                                                                                                                                                                  0.1s
 => => unpacking to gcr.io/region-ai/guidely-backend:latest                                                                                                                                                                                                              10.2s

View build details: docker-desktop://dashboard/build/desktop-linux/desktop-linux/9ni0c3vn5baxx3dgqxha4ycar

 2 warnings found (use docker --debug to expand):
 - FromAsCasing: 'as' and 'FROM' keywords' casing do not match (line 2)
 - FromAsCasing: 'as' and 'FROM' keywords' casing do not match (line 26)
PS D:\Ai Project\regional aibot\guidely> ...
>> from python:3.11-slim
>> ...
>> from python:3.11-slim as builder
>> # Correct casing
At line:2 char:1
+ from python:3.11-slim
+ ~~~~
The 'from' keyword is not supported in this version of the language.
At line:4 char:1
+ from python:3.11-slim as builder
+ ~~~~
The 'from' keyword is not supported in this version of the language.
    + CategoryInfo          : ParserError: (:) [], ParentContainsErrorRecordException
    + FullyQualifiedErrorId : ReservedKeywordNotAllowed

PS D:\Ai Project\regional aibot\guidely> ...
>> FROM python:3.11-slim
>> ...
>> FROM python:3.11-slim AS builder
>> # Correct casing
At line:2 char:1
+ FROM python:3.11-slim
+ ~~~~
The 'from' keyword is not supported in this version of the language.
At line:4 char:1
+ FROM python:3.11-slim AS builder
+ ~~~~
The 'from' keyword is not supported in this version of the language.
    + CategoryInfo          : ParserError: (:) [], ParentContainsErrorRecordException
    + FullyQualifiedErrorId : ReservedKeywordNotAllowed

[+] Building 19.8s (17/17) FINISHED                                                                docker:desktop-linux
 => [internal] load build definition from Dockerfile                                                               0.3s
 => => transferring dockerfile: 1.44kB                                                                             0.0s
 => [internal] load metadata for docker.io/library/python:3.11-slim                                                2.1s
 => [auth] library/python:pull token for registry-1.docker.io                                                      0.0s
 => [internal] load .dockerignore                                                                                  0.3s
 => => transferring context: 34B                                                                                   0.0s
 => [internal] load build context                                                                                  0.9s
 => => transferring context: 246.75kB                                                                              0.2s
 => [builder 1/6] FROM docker.io/library/python:3.11-slim@sha256:139020233cc412efe4c8135b0efe1c7569dc8b28ddd88bdd  0.9s
 => => resolve docker.io/library/python:3.11-slim@sha256:139020233cc412efe4c8135b0efe1c7569dc8b28ddd88bddb109b764  0.7s
 => CACHED [final 2/6] RUN groupadd -r app && useradd -r -g app app &&     mkdir -p /home/app && chown app:app /h  0.0s
 => CACHED [final 3/6] WORKDIR /app                                                                                0.0s
 => CACHED [builder 2/6] RUN groupadd -r app && useradd -r -g app app                                              0.0s
 => CACHED [builder 3/6] RUN mkdir -p /home/app && chown app:app /home/app                                         0.0s
 => CACHED [builder 4/6] WORKDIR /app                                                                              0.0s
 => CACHED [builder 5/6] COPY requirements*.txt ./                                                                 0.0s
 => CACHED [builder 6/6] RUN pip install --no-cache-dir -r requirements.txt &&     pip install --no-cache-dir -r   0.0s
 => CACHED [final 4/6] COPY --from=builder /home/app/.local /home/app/.local                                       0.0s
 => CACHED [final 5/6] COPY --from=builder /usr/local/lib/python3.11/site-packages /usr/local/lib/python3.11/site  0.0s
 => [final 6/6] COPY --chown=app:app . .                                                                           2.8s
 => exporting to image                                                                                            10.3s
 => => exporting layers                                                                                            6.1s
 => => exporting manifest sha256:248a6296c616e17624dbd4c4abf971c96698a2e91525711be1f33f2d8efd96d6                  0.4s
 => => exporting config sha256:050fc63cb5ac55b96438661370d7a1e017263b7eea3b715b7e99c68f48b39091                    0.3s
 => => exporting attestation manifest sha256:0c8a3a1f37bb8a07b48596de89ff1dd7293f30f25ce88be0470522b486eea6bb      0.7s
 => => exporting manifest list sha256:8fdb84262bab0a324e5e02f94f68754fa4347531a935fc82d73f937c3752be5d             0.4s
 => => naming to gcr.io/region-ai/guidely-backend:latest                                                           0.1s
 => => unpacking to gcr.io/region-ai/guidely-backend:latest                                                        1.9s

View build details: docker-desktop://dashboard/build/desktop-linux/desktop-linux/6tst9jors65kohu6qlq8yk0pt
PS D:\Ai Project\regional aibot\guidely> docker push gcr.io/region-ai/guidely-backend:latest
The push refers to repository [gcr.io/region-ai/guidely-backend]
483d0dd37518: Layer already exists
02a5d22e0d6f: Layer already exists
1194f1f1121a: Pushed
53ff4993d45e: Pushed
1194f1f1121a: Pushing [==================================>                ]  46.14MB/66.31MB
4f4fb700ef54: Layer already exists
023fe32fe96b: Pushed
fec9f4af99f2: Pushed
latest: digest: sha256:8fdb84262bab0a324e5e02f94f68754fa4347531a935fc82d73f937c3752be5d size: 856
PS D:\Ai Project\regional aibot\guidely> gcloud config get-value compute/region
(unset)
PS D:\Ai Project\regional aibot\guidely> gcloud config set compute/region us-central1
Updated property [compute/region].
PS D:\Ai Project\regional aibot\guidely> gcloud artifacts repositories list --location=us-central1
Listing items under project region-ai, location us-central1.

                                                                                   ARTIFACT_REGISTRY
REPOSITORY               FORMAT  MODE                 DESCRIPTION                          LOCATION     LABELS  ENCRYPTION          CREATE_TIME          UPDATE_TIME          SIZE (MB)
cloud-run-source-deploy  DOCKER  STANDARD_REPOSITORY  Cloud Run Source Deployments         us-central1          Google-managed key  2025-07-13T23:27:25  2025-07-15T00:49:56  479.070
regional-ai-repo         DOCKER  STANDARD_REPOSITORY  Docker repo for regional-ai-backend  us-central1          Google-managed key  2025-07-18T22:54:45  2025-07-18T22:54:45  0
PS D:\Ai Project\regional aibot\guidely>   --description="Docker repository for Guidely backend"
>>   --location=us-central1 \
>>   --repository-format=docker \
>> gcloud artifacts repositories create guidely-backend \
At line:1 char:5
+   --description="Docker repository for Guidely backend"
+     ~
Missing expression after unary operator '--'.
At line:1 char:5
+   --description="Docker repository for Guidely backend"
+     ~~~~~~~~~~~~~~~~~~~~~~~~~~~~~~~~~~~~~~~~~~~~~~~~~~~
Unexpected token 'description="Docker repository for Guidely backend"' in expression or statement.
At line:2 char:5
+   --location=us-central1 \
+     ~
Missing expression after unary operator '--'.
At line:2 char:5
+   --location=us-central1 \
+     ~~~~~~~~~~~~~~~~~~~~
Unexpected token 'location=us-central1' in expression or statement.
At line:3 char:5
+   --repository-format=docker \
+     ~
Missing expression after unary operator '--'.
At line:3 char:5
+   --repository-format=docker \
+     ~~~~~~~~~~~~~~~~~~~~~~~~
Unexpected token 'repository-format=docker' in expression or statement.
    + CategoryInfo          : ParserError: (:) [], ParentContainsErrorRecordException
    + FullyQualifiedErrorId : MissingExpressionAfterOperator

PS D:\Ai Project\regional aibot\guidely>   --description="Docker repository for Guidely backend"
>>   --location=us-central1 `
>>   --repository-format=docker `
>> gcloud artifacts repositories create guidely-backend `
>>
At line:1 char:5
+   --description="Docker repository for Guidely backend"
+     ~
Missing expression after unary operator '--'.
At line:1 char:5
+   --description="Docker repository for Guidely backend"
+     ~~~~~~~~~~~~~~~~~~~~~~~~~~~~~~~~~~~~~~~~~~~~~~~~~~~
Unexpected token 'description="Docker repository for Guidely backend"' in expression or statement.
At line:2 char:5
+   --location=us-central1 `
+     ~
Missing expression after unary operator '--'.
At line:2 char:5
+   --location=us-central1 `
+     ~~~~~~~~~~~~~~~~~~~~
Unexpected token 'location=us-central1' in expression or statement.
    + CategoryInfo          : ParserError: (:) [], ParentContainsErrorRecordException
    + FullyQualifiedErrorId : MissingExpressionAfterOperator

PS D:\Ai Project\regional aibot\guidely> gcloud artifacts repositories create guidely-backend --repository-format=docker --location=us-central1 --description="Docker repository for Guidely backend"
Create request issued for: [guidely-backend]
Waiting for operation [projects/region-ai/locations/us-central1/operations/a9530b1b-e915-4435-96c0-70ef97690de4] to com
plete...done.
Created repository [guidely-backend].
PS D:\Ai Project\regional aibot\guidely> gcloud artifacts repositories list --location=us-central1
Listing items under project region-ai, location us-central1.

                                                                                    ARTIFACT_REGISTRY
REPOSITORY               FORMAT  MODE                 DESCRIPTION                            LOCATION     LABELS  ENCRYPTION          CREATE_TIME          UPDATE_TIME          SIZE (MB)
cloud-run-source-deploy  DOCKER  STANDARD_REPOSITORY  Cloud Run Source Deployments           us-central1          Google-managed key  2025-07-13T23:27:25  2025-07-15T00:49:56  479.070
guidely-backend          DOCKER  STANDARD_REPOSITORY  Docker repository for Guidely backend  us-central1          Google-managed key  2025-07-20T01:49:37  2025-07-20T01:49:37  0
regional-ai-repo         DOCKER  STANDARD_REPOSITORY  Docker repo for regional-ai-backend    us-central1          Google-managed key  2025-07-18T22:54:45  2025-07-18T22:54:45  0
PS D:\Ai Project\regional aibot\guidely>   --role="roles/artifactregistry.writer"
>>   --member="serviceAccount:your-service-account-email" \
>> gcloud projects add-iam-policy-binding region-ai \
At line:1 char:5
+   --role="roles/artifactregistry.writer"
+     ~
Missing expression after unary operator '--'.
At line:1 char:5
+   --role="roles/artifactregistry.writer"
+     ~~~~~~~~~~~~~~~~~~~~~~~~~~~~~~~~~~~~
Unexpected token 'role="roles/artifactregistry.writer"' in expression or statement.
At line:2 char:5
+   --member="serviceAccount:your-service-account-email" \
+     ~
Missing expression after unary operator '--'.
At line:2 char:5
+   --member="serviceAccount:your-service-account-email" \
+     ~~~~~~~~~~~~~~~~~~~~~~~~~~~~~~~~~~~~~~~~~~~~~~~~~~
Unexpected token 'member="serviceAccount:your-service-account-email"' in expression or statement.
    + CategoryInfo          : ParserError: (:) [], ParentContainsErrorRecordException
    + FullyQualifiedErrorId : MissingExpressionAfterOperator

PS D:\Ai Project\regional aibot\guidely> gcloud iam service-accounts list --project=region-ai
DISPLAY NAME                     EMAIL                                                      DISABLED
GitHub Actions Deployer SA       github-actions-deployer@region-ai.iam.gserviceaccount.com  False
Default compute service account  448688349387-compute@developer.gserviceaccount.com         False
GitHub Actions                   github-actions@region-ai.iam.gserviceaccount.com           False
PS D:\Ai Project\regional aibot\guidely> gcloud projects add-iam-policy-binding region-ai --member="serviceAccount:github-actions-deployer@region-ai.iam.gserviceaccount.com" --role="roles/artifactregistry.writer"
 [1] EXPRESSION=request.time < timestamp("2025-07-14T21:51:03.686Z"), TITLE=cloudbuild-connection-setup
 [2] None
 [3] Specify a new condition
The policy contains bindings with conditions, so specifying a condition is required when adding a binding. Please
specify a condition.:  2

Updated IAM policy for project [region-ai].
bindings:
- members:
  - serviceAccount:448688349387-compute@developer.gserviceaccount.com
  role: roles/aiplatform.user
- members:
  - serviceAccount:service-448688349387@gcp-sa-artifactregistry.iam.gserviceaccount.com
  role: roles/artifactregistry.serviceAgent
- members:
  - serviceAccount:github-actions-deployer@region-ai.iam.gserviceaccount.com
  role: roles/artifactregistry.writer
- members:
  - serviceAccount:448688349387@cloudbuild.gserviceaccount.com
  role: roles/cloudbuild.builds.builder
- members:
  - serviceAccount:service-448688349387@gcp-sa-cloudbuild.iam.gserviceaccount.com
  role: roles/cloudbuild.serviceAgent
- members:
  - serviceAccount:448688349387-compute@developer.gserviceaccount.com
  role: roles/cloudspeech.editor
- members:
  - serviceAccount:service-448688349387@compute-system.iam.gserviceaccount.com
  role: roles/compute.serviceAgent
- members:
  - serviceAccount:service-448688349387@containerregistry.iam.gserviceaccount.com
  role: roles/containerregistry.ServiceAgent
- members:
  - serviceAccount:448688349387-compute@developer.gserviceaccount.com
  - serviceAccount:448688349387@cloudservices.gserviceaccount.com
  role: roles/editor
- members:
  - serviceAccount:github-actions-deployer@region-ai.iam.gserviceaccount.com
  role: roles/iam.serviceAccountUser
- members:
  - user:salman.nasir.2016@gmail.com
  role: roles/owner
- members:
  - serviceAccount:service-448688349387@gcp-sa-pubsub.iam.gserviceaccount.com
  role: roles/pubsub.serviceAgent
- members:
  - serviceAccount:github-actions-deployer@region-ai.iam.gserviceaccount.com
  - serviceAccount:github-actions@region-ai.iam.gserviceaccount.com
  role: roles/run.admin
- members:
  - serviceAccount:service-448688349387@serverless-robot-prod.iam.gserviceaccount.com
  role: roles/run.serviceAgent
- condition:
    expression: request.time < timestamp("2025-07-14T21:51:03.686Z")
    title: cloudbuild-connection-setup
  members:
  - serviceAccount:service-448688349387@gcp-sa-cloudbuild.iam.gserviceaccount.com
  role: roles/secretmanager.admin
- members:
  - serviceAccount:448688349387-compute@developer.gserviceaccount.com
  - serviceAccount:github-actions@region-ai.iam.gserviceaccount.com
  role: roles/secretmanager.secretAccessor
- members:
  - serviceAccount:service-448688349387@gcp-sa-vpcaccess.iam.gserviceaccount.com
  role: roles/vpcaccess.serviceAgent
etag: BwY6T0QBnyo=
version: 3
PS D:\Ai Project\regional aibot\guidely> gcloud projects add-iam-policy-binding region-ai --member="serviceAccount:github-actions-deployer@region-ai.iam.gserviceaccount.com" --role="roles/artifactregistry.writer" --condition='expression=request.time < timestamp("2099-12-31T23:59:59Z"), title="Always True", description="Condition that always evaluates to true"'
ERROR: (gcloud.projects.add-iam-policy-binding) argument --condition: valid keys are [None, description, expression, title]; received:  title
Usage: gcloud projects add-iam-policy-binding PROJECT_ID --member=PRINCIPAL --role=ROLE [optional flags]
  optional flags may be  --condition | --condition-from-file | --help

For detailed information on this command and its flags, run:
  gcloud projects add-iam-policy-binding --help
PS D:\Ai Project\regional aibot\guidely> gcloud projects add-iam-policy-binding region-ai --member="serviceAccount:github-actions-deployer@region-ai.iam.gserviceaccount.com" --role="roles/artifactregistry.writer" --condition="title=Always True,description=Condition that always evaluates to true,expression=request.time < timestamp('2099-12-31T23:59:59Z')"
Updated IAM policy for project [region-ai].
bindings:
- members:
  - serviceAccount:448688349387-compute@developer.gserviceaccount.com
  role: roles/aiplatform.user
- members:
  - serviceAccount:service-448688349387@gcp-sa-artifactregistry.iam.gserviceaccount.com
  role: roles/artifactregistry.serviceAgent
- members:
  - serviceAccount:github-actions-deployer@region-ai.iam.gserviceaccount.com
  role: roles/artifactregistry.writer
- condition:
    description: Condition that always evaluates to true
    expression: request.time < timestamp('2099-12-31T23:59:59Z')
    title: Always True
  members:
  - serviceAccount:github-actions-deployer@region-ai.iam.gserviceaccount.com
  role: roles/artifactregistry.writer
- members:
  - serviceAccount:448688349387@cloudbuild.gserviceaccount.com
  role: roles/cloudbuild.builds.builder
- members:
  - serviceAccount:service-448688349387@gcp-sa-cloudbuild.iam.gserviceaccount.com
  role: roles/cloudbuild.serviceAgent
- members:
  - serviceAccount:448688349387-compute@developer.gserviceaccount.com
  role: roles/cloudspeech.editor
- members:
  - serviceAccount:service-448688349387@compute-system.iam.gserviceaccount.com
  role: roles/compute.serviceAgent
- members:
  - serviceAccount:service-448688349387@containerregistry.iam.gserviceaccount.com
  role: roles/containerregistry.ServiceAgent
- members:
  - serviceAccount:448688349387-compute@developer.gserviceaccount.com
  - serviceAccount:448688349387@cloudservices.gserviceaccount.com
  role: roles/editor
- members:
  - serviceAccount:github-actions-deployer@region-ai.iam.gserviceaccount.com
  role: roles/iam.serviceAccountUser
- members:
  - user:salman.nasir.2016@gmail.com
  role: roles/owner
- members:
  - serviceAccount:service-448688349387@gcp-sa-pubsub.iam.gserviceaccount.com
  role: roles/pubsub.serviceAgent
- members:
  - serviceAccount:github-actions-deployer@region-ai.iam.gserviceaccount.com
  - serviceAccount:github-actions@region-ai.iam.gserviceaccount.com
  role: roles/run.admin
- members:
  - serviceAccount:service-448688349387@serverless-robot-prod.iam.gserviceaccount.com
  role: roles/run.serviceAgent
- condition:
    expression: request.time < timestamp("2025-07-14T21:51:03.686Z")
    title: cloudbuild-connection-setup
  members:
  - serviceAccount:service-448688349387@gcp-sa-cloudbuild.iam.gserviceaccount.com
  role: roles/secretmanager.admin
- members:
  - serviceAccount:448688349387-compute@developer.gserviceaccount.com
  - serviceAccount:github-actions@region-ai.iam.gserviceaccount.com
  role: roles/secretmanager.secretAccessor
- members:
  - serviceAccount:service-448688349387@gcp-sa-vpcaccess.iam.gserviceaccount.com
  role: roles/vpcaccess.serviceAgent
etag: BwY6T0iwpOg=
version: 3
PS D:\Ai Project\regional aibot\guidely> gcloud projects get-iam-policy region-ai
bindings:
- members:
  - serviceAccount:448688349387-compute@developer.gserviceaccount.com
  role: roles/aiplatform.user
- members:
  - serviceAccount:service-448688349387@gcp-sa-artifactregistry.iam.gserviceaccount.com
  role: roles/artifactregistry.serviceAgent
- members:
  - serviceAccount:github-actions-deployer@region-ai.iam.gserviceaccount.com
  role: roles/artifactregistry.writer
- condition:
    description: Condition that always evaluates to true
    expression: request.time < timestamp('2099-12-31T23:59:59Z')
    title: Always True
  members:
  - serviceAccount:github-actions-deployer@region-ai.iam.gserviceaccount.com
  role: roles/artifactregistry.writer
- members:
  - serviceAccount:448688349387@cloudbuild.gserviceaccount.com
  role: roles/cloudbuild.builds.builder
- members:
  - serviceAccount:service-448688349387@gcp-sa-cloudbuild.iam.gserviceaccount.com
  role: roles/cloudbuild.serviceAgent
- members:
  - serviceAccount:448688349387-compute@developer.gserviceaccount.com
  role: roles/cloudspeech.editor
- members:
  - serviceAccount:service-448688349387@compute-system.iam.gserviceaccount.com
  role: roles/compute.serviceAgent
- members:
  - serviceAccount:service-448688349387@containerregistry.iam.gserviceaccount.com
  role: roles/containerregistry.ServiceAgent
- members:
  - serviceAccount:448688349387-compute@developer.gserviceaccount.com
  - serviceAccount:448688349387@cloudservices.gserviceaccount.com
  role: roles/editor
- members:
  - serviceAccount:github-actions-deployer@region-ai.iam.gserviceaccount.com
  role: roles/iam.serviceAccountUser
- members:
  - user:salman.nasir.2016@gmail.com
  role: roles/owner
- members:
  - serviceAccount:service-448688349387@gcp-sa-pubsub.iam.gserviceaccount.com
  role: roles/pubsub.serviceAgent
- members:
  - serviceAccount:github-actions-deployer@region-ai.iam.gserviceaccount.com
  - serviceAccount:github-actions@region-ai.iam.gserviceaccount.com
  role: roles/run.admin
- members:
  - serviceAccount:service-448688349387@serverless-robot-prod.iam.gserviceaccount.com
  role: roles/run.serviceAgent
- condition:
    expression: request.time < timestamp("2025-07-14T21:51:03.686Z")
    title: cloudbuild-connection-setup
  members:
  - serviceAccount:service-448688349387@gcp-sa-cloudbuild.iam.gserviceaccount.com
  role: roles/secretmanager.admin
- members:
  - serviceAccount:448688349387-compute@developer.gserviceaccount.com
  - serviceAccount:github-actions@region-ai.iam.gserviceaccount.com
  role: roles/secretmanager.secretAccessor
- members:
  - serviceAccount:service-448688349387@gcp-sa-vpcaccess.iam.gserviceaccount.com
  role: roles/vpcaccess.serviceAgent
etag: BwY6T0iwpOg=
version: 3
PS D:\Ai Project\regional aibot\guidely> gcloud artifacts repositories list --location=us-central1
Listing items under project region-ai, location us-central1.

                                                                                    ARTIFACT_REGISTRY
REPOSITORY               FORMAT  MODE                 DESCRIPTION                            LOCATION     LABELS  ENCRYPTION          CREATE_TIME          UPDATE_TIME          SIZE (MB)
cloud-run-source-deploy  DOCKER  STANDARD_REPOSITORY  Cloud Run Source Deployments           us-central1          Google-managed key  2025-07-13T23:27:25  2025-07-15T00:49:56  479.070
guidely-backend          DOCKER  STANDARD_REPOSITORY  Docker repository for Guidely backend  us-central1          Google-managed key  2025-07-20T01:49:37  2025-07-20T01:49:37  0
regional-ai-repo         DOCKER  STANDARD_REPOSITORY  Docker repo for regional-ai-backend    us-central1          Google-managed key  2025-07-18T22:54:45  2025-07-18T22:54:45  0
PS D:\Ai Project\regional aibot\guidely> gcloud projects get-iam-policy region-ai
bindings:
- members:
  - serviceAccount:448688349387-compute@developer.gserviceaccount.com
  role: roles/aiplatform.user
- members:
  - serviceAccount:service-448688349387@gcp-sa-artifactregistry.iam.gserviceaccount.com
  role: roles/artifactregistry.serviceAgent
- members:
  - serviceAccount:github-actions-deployer@region-ai.iam.gserviceaccount.com
  role: roles/artifactregistry.writer
- condition:
    description: Condition that always evaluates to true
    expression: request.time < timestamp('2099-12-31T23:59:59Z')
    title: Always True
  members:
  - serviceAccount:github-actions-deployer@region-ai.iam.gserviceaccount.com
  role: roles/artifactregistry.writer
- members:
  - serviceAccount:448688349387@cloudbuild.gserviceaccount.com
  role: roles/cloudbuild.builds.builder
- members:
  - serviceAccount:service-448688349387@gcp-sa-cloudbuild.iam.gserviceaccount.com
  role: roles/cloudbuild.serviceAgent
- members:
  - serviceAccount:448688349387-compute@developer.gserviceaccount.com
  role: roles/cloudspeech.editor
- members:
  - serviceAccount:service-448688349387@compute-system.iam.gserviceaccount.com
  role: roles/compute.serviceAgent
- members:
  - serviceAccount:service-448688349387@containerregistry.iam.gserviceaccount.com
  role: roles/containerregistry.ServiceAgent
- members:
  - serviceAccount:448688349387-compute@developer.gserviceaccount.com
  - serviceAccount:448688349387@cloudservices.gserviceaccount.com
  role: roles/editor
- members:
  - serviceAccount:github-actions-deployer@region-ai.iam.gserviceaccount.com
  role: roles/iam.serviceAccountUser
- members:
  - user:salman.nasir.2016@gmail.com
  role: roles/owner
- members:
  - serviceAccount:service-448688349387@gcp-sa-pubsub.iam.gserviceaccount.com
  role: roles/pubsub.serviceAgent
- members:
  - serviceAccount:github-actions-deployer@region-ai.iam.gserviceaccount.com
  - serviceAccount:github-actions@region-ai.iam.gserviceaccount.com
  role: roles/run.admin
- members:
  - serviceAccount:service-448688349387@serverless-robot-prod.iam.gserviceaccount.com
  role: roles/run.serviceAgent
- condition:
    expression: request.time < timestamp("2025-07-14T21:51:03.686Z")
    title: cloudbuild-connection-setup
  members:
  - serviceAccount:service-448688349387@gcp-sa-cloudbuild.iam.gserviceaccount.com
  role: roles/secretmanager.admin
- members:
  - serviceAccount:448688349387-compute@developer.gserviceaccount.com
  - serviceAccount:github-actions@region-ai.iam.gserviceaccount.com
  role: roles/secretmanager.secretAccessor
- members:
  - serviceAccount:service-448688349387@gcp-sa-vpcaccess.iam.gserviceaccount.com
  role: roles/vpcaccess.serviceAgent
etag: BwY6T0iwpOg=
version: 3
[+] Building 25.6s (17/17) FINISHED                                                                docker:desktop-linux
 => [internal] load build definition from Dockerfile                                                               0.6s
 => => transferring dockerfile: 1.44kB                                                                             0.2s
 => [internal] load metadata for docker.io/library/python:3.11-slim                                                3.7s
 => [auth] library/python:pull token for registry-1.docker.io                                                      0.0s
 => [internal] load .dockerignore                                                                                  0.3s
 => => transferring context: 34B                                                                                   0.0s
 => [internal] load build context                                                                                  1.2s
 => => transferring context: 249.60kB                                                                              0.8s
 => [builder 1/6] FROM docker.io/library/python:3.11-slim@sha256:139020233cc412efe4c8135b0efe1c7569dc8b28ddd88bdd  0.6s
 => => resolve docker.io/library/python:3.11-slim@sha256:139020233cc412efe4c8135b0efe1c7569dc8b28ddd88bddb109b764  0.5s
 => CACHED [final 2/6] RUN groupadd -r app && useradd -r -g app app &&     mkdir -p /home/app && chown app:app /h  0.0s
 => CACHED [final 3/6] WORKDIR /app                                                                                0.0s
 => CACHED [builder 2/6] RUN groupadd -r app && useradd -r -g app app                                              0.0s
 => CACHED [builder 3/6] RUN mkdir -p /home/app && chown app:app /home/app                                         0.0s
 => CACHED [builder 4/6] WORKDIR /app                                                                              0.0s
 => CACHED [builder 5/6] COPY requirements*.txt ./                                                                 0.0s
 => CACHED [builder 6/6] RUN pip install --no-cache-dir -r requirements.txt &&     pip install --no-cache-dir -r   0.0s
 => CACHED [final 4/6] COPY --from=builder /home/app/.local /home/app/.local                                       0.0s
 => CACHED [final 5/6] COPY --from=builder /usr/local/lib/python3.11/site-packages /usr/local/lib/python3.11/site  0.0s
 => [final 6/6] COPY --chown=app:app . .                                                                           5.3s
 => exporting to image                                                                                            11.4s
 => => exporting layers                                                                                            6.9s
 => => exporting manifest sha256:acaa2c3d0a4090ba4da758b7f8fd53d96a3b4b1b5d256de5efc03bfbf9e3dc4e                  0.4s
 => => exporting config sha256:895518a9d73a4b3b16605bcebcdde2e990b326960c9aa10214db42a71ae87ccd                    0.4s
 => => exporting attestation manifest sha256:9c063f1c35d3b624a8ee8c0cf6dca8ed9517367586ccc90afbcd2f0f33adf9f9      0.9s
 => => exporting manifest list sha256:23247a66ad2850f4538b9d245d8d6c57d84963bf6e563484a95427cee4829d4c             0.4s
 => => naming to us-central1-docker.pkg.dev/region-ai/guidely-backend:latest                                       0.1s
 => => unpacking to us-central1-docker.pkg.dev/region-ai/guidely-backend:latest                                    2.1s

View build details: docker-desktop://dashboard/build/desktop-linux/desktop-linux/pummrzjdb3hue26nkl0utsu3v
PS D:\Ai Project\regional aibot\guidely> docker push us-central1-docker.pkg.dev/region-ai/guidely-backend:latest
The push refers to repository [us-central1-docker.pkg.dev/region-ai/guidely-backend]
02a5d22e0d6f: Waiting
471797cdda8c: Waiting
3da95a905ed5: Waiting
53ff4993d45e: Waiting
483d0dd37518: Waiting
69287cb4961f: Waiting
1b61da1c91a3: Waiting
274a8baf6b54: Waiting
1194f1f1121a: Waiting
4f4fb700ef54: Waiting
failed to authorize: failed to fetch anonymous token: unexpected status from GET request to https://us-central1-docker.pkg.dev/v2/token?scope=repository%3Aregion-ai%2Fguidely-backend%2Fpkg%3Apull&scope=repository%3Aregion-ai%2Fguidely-backend%3Apull%2Cpush&service=us-central1-docker.pkg.dev: 403 Forbidden
PS D:\Ai Project\regional aibot\guidely> gcloud auth configure-docker us-central1-docker.pkg.dev
WARNING: Your config file at [C:\Users\Salman\.docker\config.json] contains these credential helper entries:

{
  "credHelpers": {
    "asia.gcr.io": "gcloud",
    "eu.gcr.io": "gcloud",
    "gcr.io": "gcloud",
    "marketplace.gcr.io": "gcloud",
    "staging-k8s.gcr.io": "gcloud",
    "us.gcr.io": "gcloud"
  }
}
Adding credentials for: us-central1-docker.pkg.dev
After update, the following will be written to your Docker config file located at [C:\Users\Salman\.docker\config.json]:
 {
  "credHelpers": {
    "asia.gcr.io": "gcloud",
    "eu.gcr.io": "gcloud",
    "gcr.io": "gcloud",
    "marketplace.gcr.io": "gcloud",
    "staging-k8s.gcr.io": "gcloud",
    "us.gcr.io": "gcloud",
    "us-central1-docker.pkg.dev": "gcloud"
  }
}

Do you want to continue (Y/n)?  y

Docker configuration file updated.
PS D:\Ai Project\regional aibot\guidely> docker push us-central1-docker.pkg.dev/region-ai/guidely-backend:latest
The push refers to repository [us-central1-docker.pkg.dev/region-ai/guidely-backend]
1b61da1c91a3: Pushed
471797cdda8c: Pushed
1194f1f1121a: Pushed
3da95a905ed5: Pushed
483d0dd37518: Pushed
69287cb4961f: Pushed
02a5d22e0d6f: Pushed
274a8baf6b54: Pushed
53ff4993d45e: Pushed
4f4fb700ef54: Pushed
unexpected status from HEAD request to https://us-central1-docker.pkg.dev/v2/region-ai/guidely-backend/manifests/latest: 400 Bad Request
PS D:\Ai Project\regional aibot\guidely> gcloud iam service-accounts keys create github-actions-deployer.json --iam-account=github-actions-deployer@region-ai.iam.gserviceaccount.com
created key [3cd1d2fae8c3c2b8a792c04c801942777ee50c0c] of type [json] as [github-actions-deployer.json] for [github-actions-deployer@region-ai.iam.gserviceaccount.com]
PS D:\Ai Project\regional aibot\guidely> gcloud auth configure-docker us-central1-docker.pkg.dev
>> gcloud auth activate-service-account --key-file=github-actions-deployer.json
WARNING: Your config file at [C:\Users\Salman\.docker\config.json] contains these credential helper entries:

{
  "credHelpers": {
    "asia.gcr.io": "gcloud",
    "eu.gcr.io": "gcloud",
    "gcr.io": "gcloud",
    "marketplace.gcr.io": "gcloud",
    "staging-k8s.gcr.io": "gcloud",
    "us.gcr.io": "gcloud",
    "us-central1-docker.pkg.dev": "gcloud"
  }
}
Adding credentials for: us-central1-docker.pkg.dev
gcloud credential helpers already registered correctly.
Activated service account credentials for: [github-actions-deployer@region-ai.iam.gserviceaccount.com]
PS D:\Ai Project\regional aibot\guidely> docker push us-central1-docker.pkg.dev/region-ai/guidely-backend:latest
The push refers to repository [us-central1-docker.pkg.dev/region-ai/guidely-backend]
53ff4993d45e: Layer already exists
483d0dd37518: Layer already exists
69287cb4961f: Already exists
274a8baf6b54: Layer already exists
1194f1f1121a: Layer already exists
3da95a905ed5: Layer already exists
4f4fb700ef54: Layer already exists
02a5d22e0d6f: Layer already exists
1b61da1c91a3: Layer already exists
471797cdda8c: Layer already exists
unexpected status from HEAD request to https://us-central1-docker.pkg.dev/v2/region-ai/guidely-backend/manifests/latest: 400 Bad Request
PS D:\Ai Project\regional aibot\guidely>